#-----------------------------------------------------------
# Vivado v2025.1 (64-bit)
# SW Build 6140274 on Wed May 21 22:58:25 MDT 2025
# IP Build 6138677 on Thu May 22 03:10:11 MDT 2025
# SharedData Build 6139179 on Tue May 20 17:58:58 MDT 2025
# Start of session at: Sun Oct  5 20:44:55 2025
# Process ID         : 83321
# Current directory  : /home/moafk/Documents/FPGA/Kria_Projects/SPI-Sensor-VHDL/spi_light_sensor.runs/impl_1
# Command line       : vivado -log ambient_light_sensor.vdi -applog -product Vivado -messageDb vivado.pb -mode batch -source ambient_light_sensor.tcl -notrace
# Log file           : /home/moafk/Documents/FPGA/Kria_Projects/SPI-Sensor-VHDL/spi_light_sensor.runs/impl_1/ambient_light_sensor.vdi
# Journal file       : /home/moafk/Documents/FPGA/Kria_Projects/SPI-Sensor-VHDL/spi_light_sensor.runs/impl_1/vivado.jou
# Running On         : MBP
# Platform           : Ubuntu
# Operating System   : Ubuntu 24.04.3 LTS
# Processor Detail   : Intel(R) Core(TM) i7-3615QM CPU @ 2.30GHz
# CPU Frequency      : 2909.697 MHz
# CPU Physical cores : 4
# CPU Logical cores  : 8
# Host memory        : 8228 MB
# Swap memory        : 4294 MB
# Total Virtual      : 12523 MB
# Available Virtual  : 4031 MB
#-----------------------------------------------------------
source ambient_light_sensor.tcl -notrace
